// Jest Snapshot v1, https://goo.gl/fbAQLP

exports[`Header component render success 1`] = `
<div
  className="undo-list"
>
  <div
    className="undo-list-title"
  >
    In processing
    <div
      className="undo-list-count"
      data-test="count"
    >
      0
    </div>
  </div>
  <ul
    className="undo-list-content"
  />
</div>
`;
